// Jest Snapshot v1, https://goo.gl/fbAQLP

exports[`EmptyPresentationsState matches snapshot 1`] = `
<DocumentFragment>
  <div
    class="text-center py-12"
    data-testid="empty-presentations-container"
  >
    <div
      class="w-16 h-16 bg-gray-100 rounded-full flex items-center justify-center mx-auto mb-4"
      data-testid="icon-container"
    >
      <svg
        class="w-8 h-8 text-gray-400"
        data-testid="calendar-icon"
        fill="none"
        stroke="currentColor"
        viewBox="0 0 24 24"
      >
        <path
          d="M7 4V2a1 1 0 011-1h8a1 1 0 011 1v2m0 0V3a1 1 0 011 1v14a1 1 0 01-1 1H8a1 1 0 01-1-1V4z"
          data-testid="calendar-icon-path"
          stroke-linecap="round"
          stroke-linejoin="round"
          stroke-width="2"
        />
      </svg>
    </div>
    <h3
      class="text-lg font-medium text-gray-900 mb-2"
    >
      No hay presentaciones disponibles
    </h3>
    <p
      class="text-gray-500"
    >
      Las presentaciones aparecerán aquí cuando el organizador las publique.
    </p>
  </div>
</DocumentFragment>
`;
