// Jest Snapshot v1, https://goo.gl/fbAQLP

exports[`HeroSection matches snapshot 1`] = `
<DocumentFragment>
  <div
    class="relative h-96 w-full overflow-hidden bg-gray-800"
    data-testid="hero-container"
  >
    <img
      alt="Test Event"
      data-testid="hero-image"
      src="https://example.com/banner.jpg"
      style="position: absolute; height: 100%; width: 100%; object-fit: cover; opacity: 0.7;"
    />
    <div
      class="absolute inset-0 flex items-center justify-center"
    >
      <h1
        class="text-4xl md:text-6xl font-bold text-white text-center px-4"
      >
        Test Event
      </h1>
    </div>
  </div>
</DocumentFragment>
`;
